// Vitest Snapshot v1, https://vitest.dev/guide/snapshot.html

exports[`Given BasketPage component:  > when rendered, should match snapshot 1`] = `
<DocumentFragment>
  <div
    class="MuiBox-root css-79elbk"
  >
    <div
      class="MuiStack-root css-r78jfo-MuiStack-root"
    >
      <span
        class="MuiSkeleton-root MuiSkeleton-text MuiSkeleton-wave css-1lbmg9-MuiSkeleton-root"
      />
      <span
        class="MuiSkeleton-root MuiSkeleton-circular MuiSkeleton-wave css-7bduwa-MuiSkeleton-root"
      />
      <span
        class="MuiSkeleton-root MuiSkeleton-text MuiSkeleton-wave css-1lbmg9-MuiSkeleton-root"
      />
      <span
        class="MuiSkeleton-root MuiSkeleton-text MuiSkeleton-wave css-1lbmg9-MuiSkeleton-root"
      />
      <span
        class="MuiSkeleton-root MuiSkeleton-text MuiSkeleton-wave css-13v5yvq-MuiSkeleton-root"
      />
      <span
        class="MuiSkeleton-root MuiSkeleton-text MuiSkeleton-wave css-13v5yvq-MuiSkeleton-root"
      />
      <span
        class="MuiSkeleton-root MuiSkeleton-text MuiSkeleton-wave css-13v5yvq-MuiSkeleton-root"
      />
      <span
        class="MuiSkeleton-root MuiSkeleton-text MuiSkeleton-wave css-13v5yvq-MuiSkeleton-root"
      />
      <span
        class="MuiSkeleton-root MuiSkeleton-text MuiSkeleton-wave css-13v5yvq-MuiSkeleton-root"
      />
    </div>
    <div
      class="MuiStack-root css-9v3bmo-MuiStack-root"
    >
      <div
        class="MuiStack-root css-1lnkgqj-MuiStack-root"
      >
        <img
          alt="Cart image"
          class="MuiBox-root css-wsz5nz"
          src="/src/assets/cart.png"
        />
        <h5
          class="MuiTypography-root MuiTypography-h5 css-1yej70y-MuiTypography-root"
        >
          Your Cart is empty
        </h5>
        <div
          class="MuiButtonGroup-root MuiButtonGroup-contained MuiButtonGroup-horizontal MuiButtonGroup-colorPrimary css-d0cc94-MuiButtonGroup-root"
          role="group"
        >
          <button
            class="MuiButtonBase-root MuiButton-root MuiButton-contained MuiButton-containedPrimary MuiButton-sizeMedium MuiButton-containedSizeMedium MuiButton-colorPrimary MuiButtonGroup-grouped MuiButtonGroup-groupedHorizontal MuiButtonGroup-groupedContained MuiButtonGroup-groupedContainedHorizontal MuiButtonGroup-groupedContainedPrimary MuiButton-root MuiButton-contained MuiButton-containedPrimary MuiButton-sizeMedium MuiButton-containedSizeMedium MuiButton-colorPrimary MuiButtonGroup-grouped MuiButtonGroup-groupedHorizontal MuiButtonGroup-groupedContained MuiButtonGroup-groupedContainedHorizontal MuiButtonGroup-groupedContainedPrimary MuiButtonGroup-firstButton css-12ghmft-MuiButtonBase-root-MuiButton-root"
            tabindex="0"
            type="button"
          >
            <span
              class="MuiButton-icon MuiButton-startIcon MuiButton-iconSizeMedium css-1sh91j5-MuiButton-startIcon"
            >
              <svg
                aria-hidden="true"
                class="MuiSvgIcon-root MuiSvgIcon-fontSizeSmall css-18w7uxr-MuiSvgIcon-root"
                data-testid="ArrowBackIosIcon"
                focusable="false"
                viewBox="0 0 24 24"
              >
                <path
                  d="M11.67 3.87 9.9 2.1 0 12l9.9 9.9 1.77-1.77L3.54 12z"
                />
              </svg>
            </span>
            Go back
          </button>
          <button
            class="MuiButtonBase-root MuiButton-root MuiButton-contained MuiButton-containedPrimary MuiButton-sizeMedium MuiButton-containedSizeMedium MuiButton-colorPrimary MuiButtonGroup-grouped MuiButtonGroup-groupedHorizontal MuiButtonGroup-groupedContained MuiButtonGroup-groupedContainedHorizontal MuiButtonGroup-groupedContainedPrimary MuiButton-root MuiButton-contained MuiButton-containedPrimary MuiButton-sizeMedium MuiButton-containedSizeMedium MuiButton-colorPrimary MuiButtonGroup-grouped MuiButtonGroup-groupedHorizontal MuiButtonGroup-groupedContained MuiButtonGroup-groupedContainedHorizontal MuiButtonGroup-groupedContainedPrimary MuiButtonGroup-lastButton css-12ghmft-MuiButtonBase-root-MuiButton-root"
            tabindex="0"
            type="button"
          >
            Go shopping
            <span
              class="MuiButton-icon MuiButton-endIcon MuiButton-iconSizeMedium css-1gulhci-MuiButton-endIcon"
            >
              <svg
                aria-hidden="true"
                class="MuiSvgIcon-root MuiSvgIcon-fontSizeSmall css-18w7uxr-MuiSvgIcon-root"
                data-testid="ArrowForwardIosIcon"
                focusable="false"
                viewBox="0 0 24 24"
              >
                <path
                  d="M6.23 20.23 8 22l10-10L8 2 6.23 3.77 14.46 12z"
                />
              </svg>
            </span>
          </button>
        </div>
      </div>
    </div>
  </div>
</DocumentFragment>
`;
