// Vitest Snapshot v1, https://vitest.dev/guide/snapshot.html

exports[`Given AboutUsPage component:  > when rendered, should match snapshot 1`] = `
<DocumentFragment>
  <div
    class="MuiStack-root css-gs2j6y-MuiStack-root"
  >
    <h5
      class="MuiTypography-root MuiTypography-h5 css-1yej70y-MuiTypography-root"
    >
      About Us
    </h5>
    <div
      class="MuiPaper-root MuiPaper-elevation MuiPaper-rounded MuiPaper-elevation2 css-bwajh5-MuiPaper-root"
      style="--Paper-shadow: 0px 3px 1px -2px rgba(0,0,0,0.2),0px 2px 2px 0px rgba(0,0,0,0.14),0px 1px 5px 0px rgba(0,0,0,0.12);"
    >
      <p
        class="MuiTypography-root MuiTypography-body1 css-1edfpdg-MuiTypography-root"
      >
        Hello! We are RadioReactive team.
We are a super "serious" radioactive group of programmers. The strength is in the team so we look out for each other, we come to help in any difficult situation. We help to develop as programmers, to correct our bad habits and to learn a lot for further work. Of course, we do not forget about relax and entertainment, where without them. And that's all help us to achieve success in this final project.
And next, a little about each of us.
      </p>
    </div>
    <div
      class="MuiStack-root MuiList-root MuiList-padding css-1yxf2se-MuiStack-root-MuiList-root"
    >
      <div
        class="MuiPaper-root MuiPaper-elevation MuiPaper-rounded MuiPaper-elevation4 MuiCard-root css-6fm6rz-MuiPaper-root-MuiCard-root"
        style="--Paper-shadow: 0px 2px 4px -1px rgba(0,0,0,0.2),0px 4px 5px 0px rgba(0,0,0,0.14),0px 1px 10px 0px rgba(0,0,0,0.12);"
      >
        <div
          class="MuiCardMedia-root css-1jx4tcu-MuiCardMedia-root"
        >
          <img
            alt="Ahanouski"
            class="MuiBox-root css-s6zp27"
            src="https://avatars.githubusercontent.com/u/67708215?v=4"
          />
        </div>
        <div
          class="MuiCardContent-root css-46bh2p-MuiCardContent-root"
        >
          <h6
            class="MuiTypography-root MuiTypography-h6 css-vn5cbk-MuiTypography-root"
          >
            Yury Ahanouski
          </h6>
          <p
            class="MuiTypography-root MuiTypography-body1 css-1ub6n32-MuiTypography-root"
          >
             Github: 
          </p>
          <a
            class="MuiTypography-root MuiTypography-inherit MuiLink-root MuiLink-underlineHover css-1seph5p-MuiTypography-root-MuiLink-root"
            href="https://github.com/kaelns"
          >
            https://github.com/kaelns
          </a>
          <p
            class="MuiTypography-root MuiTypography-body1 css-1ub6n32-MuiTypography-root"
          >
             Role: 
          </p>
          Team leader
          <p
            class="MuiTypography-root MuiTypography-body1 css-1ub6n32-MuiTypography-root"
          >
             Significant contributions: 
          </p>
          This guy responsible for team collaboration and main visual part of project such as catalog page and product detailed page, navigation and app's header.
          <p
            class="MuiTypography-root MuiTypography-body1 css-1ub6n32-MuiTypography-root"
          >
             BIO: 
          </p>
          Graduated from Belarusian National Technical University as Energy Engineer. Studied in RS School in 2022 year but was drafted into the army to pay his debt to the homeland and now he is again in the RS School to finish what was started and get more experience and knowledge.
        </div>
      </div>
      <div
        class="MuiPaper-root MuiPaper-elevation MuiPaper-rounded MuiPaper-elevation4 MuiCard-root css-6fm6rz-MuiPaper-root-MuiCard-root"
        style="--Paper-shadow: 0px 2px 4px -1px rgba(0,0,0,0.2),0px 4px 5px 0px rgba(0,0,0,0.14),0px 1px 10px 0px rgba(0,0,0,0.12);"
      >
        <div
          class="MuiCardMedia-root css-1jx4tcu-MuiCardMedia-root"
        >
          <img
            alt="Zdanevich"
            class="MuiBox-root css-s6zp27"
            src="https://avatars.githubusercontent.com/u/84130329?v=4"
          />
        </div>
        <div
          class="MuiCardContent-root css-46bh2p-MuiCardContent-root"
        >
          <h6
            class="MuiTypography-root MuiTypography-h6 css-vn5cbk-MuiTypography-root"
          >
            Anatoli Zdanevich
          </h6>
          <p
            class="MuiTypography-root MuiTypography-body1 css-1ub6n32-MuiTypography-root"
          >
             Github: 
          </p>
          <a
            class="MuiTypography-root MuiTypography-inherit MuiLink-root MuiLink-underlineHover css-1seph5p-MuiTypography-root-MuiLink-root"
            href="https://github.com/zdan3v1ch"
          >
            https://github.com/zdan3v1ch
          </a>
          <p
            class="MuiTypography-root MuiTypography-body1 css-1ub6n32-MuiTypography-root"
          >
             Role: 
          </p>
          The right hand of the leader
          <p
            class="MuiTypography-root MuiTypography-body1 css-1ub6n32-MuiTypography-root"
          >
             Significant contributions: 
          </p>
          This guy is a guru of commercetools API. The average user won't see his work, only the one who familiar with Network tab in Devtools. All API requests are his handiwork.
          <p
            class="MuiTypography-root MuiTypography-body1 css-1ub6n32-MuiTypography-root"
          >
             BIO: 
          </p>
          Graduated from college, university, and also underwent retraining in “Web Design and Computer Graphics” at the Business Institute of BSU. Completed JS/FE preschool 2022Q2. And now he is again in the RS School in the main course to get more experience and knowledge.
        </div>
      </div>
      <div
        class="MuiPaper-root MuiPaper-elevation MuiPaper-rounded MuiPaper-elevation4 MuiCard-root css-6fm6rz-MuiPaper-root-MuiCard-root"
        style="--Paper-shadow: 0px 2px 4px -1px rgba(0,0,0,0.2),0px 4px 5px 0px rgba(0,0,0,0.14),0px 1px 10px 0px rgba(0,0,0,0.12);"
      >
        <div
          class="MuiCardMedia-root css-1jx4tcu-MuiCardMedia-root"
        >
          <img
            alt="Schepalina"
            class="MuiBox-root css-s6zp27"
            src="https://avatars.githubusercontent.com/u/112850187?v=4"
          />
        </div>
        <div
          class="MuiCardContent-root css-46bh2p-MuiCardContent-root"
        >
          <h6
            class="MuiTypography-root MuiTypography-h6 css-vn5cbk-MuiTypography-root"
          >
            Viktoriya Schepalina
          </h6>
          <p
            class="MuiTypography-root MuiTypography-body1 css-1ub6n32-MuiTypography-root"
          >
             Github: 
          </p>
          <a
            class="MuiTypography-root MuiTypography-inherit MuiLink-root MuiLink-underlineHover css-1seph5p-MuiTypography-root-MuiLink-root"
            href="https://github.com/90Viktoriya"
          >
            https://github.com/90Viktoriya
          </a>
          <p
            class="MuiTypography-root MuiTypography-body1 css-1ub6n32-MuiTypography-root"
          >
             Role: 
          </p>
          The left hand of the leader
          <p
            class="MuiTypography-root MuiTypography-body1 css-1ub6n32-MuiTypography-root"
          >
             Significant contributions: 
          </p>
          This girl is responsible for periodic reminders and checks that the work is in full swing. If you have any problems with login, registration or user profile pages, it's also to her.
          <p
            class="MuiTypography-root MuiTypography-body1 css-1ub6n32-MuiTypography-root"
          >
             BIO: 
          </p>
          Graduated from Surgut State University as specialist in Automated System of information processing and control. Worked as system administrator of SAP system for many years. Forgot all during parental leave. And now she is in RS School to get more experience and knowledge.
        </div>
      </div>
    </div>
  </div>
</DocumentFragment>
`;
